2026-07-11T09:49:30Z INF Thank you for trying Cloudflare Tunnel. Doing so, without a Cloudflare account, is a quick way to experiment and try it out. However, be aware that these account-less Tunnels have no uptime guarantee, are subject to the Cloudflare Online Services Terms of Use (https://www.cloudflare.com/website-terms/), and Cloudflare reserves the right to investigate your use of Tunnels for violations of such terms. If you intend to use Tunnels in production you should use a pre-created named tunnel by following: https://developers.cloudflare.com/cloudflare-one/connections/connect-apps
2026-07-11T09:49:30Z INF Requesting new quick Tunnel on trycloudflare.com...
2026-07-11T09:49:36Z INF +--------------------------------------------------------------------------------------------+
2026-07-11T09:49:36Z INF |  Your quick Tunnel has been created! Visit it at (it may take some time to be reachable):  |
2026-07-11T09:49:36Z INF |  https://brass-pointed-scsi-fold.trycloudflare.com                                         |
2026-07-11T09:49:36Z INF +--------------------------------------------------------------------------------------------+
2026-07-11T09:49:36Z INF Cannot determine default configuration path. No file [config.yml config.yaml] in [~/.cloudflared ~/.cloudflare-warp ~/cloudflare-warp /etc/cloudflared /usr/local/etc/cloudflared]
2026-07-11T09:49:36Z INF Version 2026.7.1 (Checksum 79a0ade7fc854f62c1aaef48424d9d979e8c2fcd039189d24db82b84cd146be1)
2026-07-11T09:49:36Z INF GOOS: linux, GOVersion: go1.26.4, GoArch: amd64
2026-07-11T09:49:36Z INF Settings: map[ha-connections:1 protocol:quic url:http://localhost:3001]
2026-07-11T09:49:36Z INF cloudflared will not automatically update if installed by a package manager.
2026-07-11T09:49:36Z INF Generated Connector ID: 73934f37-b3cc-4e9b-909a-71b6f52909bc
2026-07-11T09:49:36Z INF Initial protocol quic
2026-07-11T09:49:36Z INF ICMP proxy will use 192.168.0.118 as source for IPv4
2026-07-11T09:49:36Z INF ICMP proxy will use fe80::be24:11ff:fe01:61b1 in zone eth0 as source for IPv6
2026-07-11T09:49:36Z WRN The user running cloudflared process has a GID (group ID) that is not within ping_group_range. You might need to add that user to a group within that range, or instead update the range to encompass a group the user is already in by modifying /proc/sys/net/ipv4/ping_group_range. Otherwise cloudflared will not be able to ping this network error="Group ID 1000 is not between ping group 1 to 0"
2026-07-11T09:49:36Z WRN ICMP proxy feature is disabled error="cannot create ICMPv4 proxy: Group ID 1000 is not between ping group 1 to 0 nor ICMPv6 proxy: socket: permission denied"
2026/07/11 15:19:36 failed to sufficiently increase receive buffer size (was: 208 kiB, wanted: 7168 kiB, got: 416 kiB). See https://github.com/quic-go/quic-go/wiki/UDP-Buffer-Sizes for details.
2026-07-11T09:49:36Z INF ICMP proxy will use 192.168.0.118 as source for IPv4
2026-07-11T09:49:36Z INF ICMP proxy will use fe80::be24:11ff:fe01:61b1 in zone eth0 as source for IPv6
2026-07-11T09:49:36Z INF Starting metrics server on 127.0.0.1:20241/metrics
2026-07-11T09:49:36Z INF Tunnel connection curve preferences: [X25519MLKEM768 CurveID(65074) CurveP256] connIndex=0 event=0 ip=198.41.192.7
2026-07-11T09:49:36Z INF Registered tunnel connection connIndex=0 connection=143f2792-50d5-474b-b0a8-bee50a90e05f event=0 ip=198.41.192.7 location=blr03 protocol=quic
2026-07-11T09:49:42Z INF +-------------------------------------------------------------------------------------+
2026-07-11T09:49:42Z INF |                               CONNECTIVITY PRE-CHECKS                               |
2026-07-11T09:49:42Z INF +-------------------------------------------------------------------------------------+
2026-07-11T09:49:42Z INF |  COMPONENT         TARGET                     STATUS  DETAILS                       |
2026-07-11T09:49:42Z INF |  DNS Resolution    region1.v2.argotunnel.com  PASS    DNS Resolved successfully     |
2026-07-11T09:49:42Z INF |  DNS Resolution    region2.v2.argotunnel.com  PASS    DNS Resolved successfully     |
2026-07-11T09:49:42Z INF |  UDP Connectivity  region1.v2.argotunnel.com  PASS    QUIC connection successful    |
2026-07-11T09:49:42Z INF |  UDP Connectivity  region2.v2.argotunnel.com  PASS    QUIC connection successful    |
2026-07-11T09:49:42Z INF |  TCP Connectivity  region1.v2.argotunnel.com  PASS    HTTP/2 connection successful  |
2026-07-11T09:49:42Z INF |  TCP Connectivity  region2.v2.argotunnel.com  PASS    HTTP/2 connection successful  |
2026-07-11T09:49:42Z INF |  Cloudflare API    api.cloudflare.com:443     PASS    API is reachable              |
2026-07-11T09:49:42Z INF |                                                                                     |
2026-07-11T09:49:42Z INF |  SUMMARY: Environment is healthy. cloudflared will use 'quic' as primary protocol.  |
2026-07-11T09:49:42Z INF +-------------------------------------------------------------------------------------+
2026-07-11T09:49:42Z INF precheck component="DNS Resolution" details="DNS Resolved successfully" run_id=ad96678d-4780-40f4-a94d-d7c7283171e8 status=pass target=region1.v2.argotunnel.com
2026-07-11T09:49:42Z INF precheck component="DNS Resolution" details="DNS Resolved successfully" run_id=ad96678d-4780-40f4-a94d-d7c7283171e8 status=pass target=region2.v2.argotunnel.com
2026-07-11T09:49:42Z INF precheck component="UDP Connectivity" details="QUIC connection successful" run_id=ad96678d-4780-40f4-a94d-d7c7283171e8 status=pass target=region1.v2.argotunnel.com
2026-07-11T09:49:42Z INF precheck component="UDP Connectivity" details="QUIC connection successful" run_id=ad96678d-4780-40f4-a94d-d7c7283171e8 status=pass target=region2.v2.argotunnel.com
2026-07-11T09:49:42Z INF precheck component="TCP Connectivity" details="HTTP/2 connection successful" run_id=ad96678d-4780-40f4-a94d-d7c7283171e8 status=pass target=region1.v2.argotunnel.com
2026-07-11T09:49:42Z INF precheck component="TCP Connectivity" details="HTTP/2 connection successful" run_id=ad96678d-4780-40f4-a94d-d7c7283171e8 status=pass target=region2.v2.argotunnel.com
2026-07-11T09:49:42Z INF precheck component="Cloudflare API" details="API is reachable" run_id=ad96678d-4780-40f4-a94d-d7c7283171e8 status=pass target=api.cloudflare.com:443
2026-07-11T09:49:42Z INF precheck complete hard_fail=false run_id=ad96678d-4780-40f4-a94d-d7c7283171e8 suggested_protocol=quic
